AS src/multiboot2.S
as --32 src/multiboot2.S -o build/obj/multiboot2.o
src/multiboot2.S: Assembler messages:
src/multiboot2.S: Warning: end of file not at end of a line; newline inserted
CC src/main.c
gcc -ffreestanding -fno-builtin -fno-stack-protector -nostdlib -Wall -Wextra -g -O0 -I./include -std=c99 -m32 -c src/main.c -o build/obj/main.o
CC src/SystemInit.c
gcc -ffreestanding -fno-builtin -fno-stack-protector -nostdlib -Wall -Wextra -g -O0 -I./include -std=c99 -m32 -c src/SystemInit.c -o build/obj/SystemInit.o
src/SystemInit.c:90: warning: "EM_STANDARD_SIZE" redefined
   90 | #define EM_STANDARD_SIZE          (1024 * 4)  /* 4KB for ExpandMem */
      | 
In file included from src/SystemInit.c:18:
./include/ExpandMem.h:27: note: this is the location of the previous definition
   27 | #define EM_STANDARD_SIZE       0x2000      /* Standard size (8KB) */
      | 
src/SystemInit.c:91: warning: "EM_CURRENT_VERSION" redefined
   91 | #define EM_CURRENT_VERSION        1
      | 
./include/ExpandMem.h:25: note: this is the location of the previous definition
   25 | #define EM_CURRENT_VERSION      0x0200     /* Version 2.0 for System 7.1 */
      | 
src/SystemInit.c: In function ‘SystemInitToStage’:
src/SystemInit.c:196:13: warning: case value ‘6’ not in enumerated type ‘SystemInitStage’ [-Wswitch]
  196 |             case INIT_STAGE_PROCESS:
      |             ^~~~
src/SystemInit.c:205:13: warning: case value ‘7’ not in enumerated type ‘SystemInitStage’ [-Wswitch]
  205 |             case INIT_STAGE_COMPLETE:
      |             ^~~~
CC src/System71StdLib.c
gcc -ffreestanding -fno-builtin -fno-stack-protector -nostdlib -Wall -Wextra -g -O0 -I./include -std=c99 -m32 -c src/System71StdLib.c -o build/obj/System71StdLib.o
CC src/MemoryMgr/blockmove_optimization.c
gcc -ffreestanding -fno-builtin -fno-stack-protector -nostdlib -Wall -Wextra -g -O0 -I./include -std=c99 -m32 -c src/MemoryMgr/blockmove_optimization.c -o build/obj/blockmove_optimization.o
CC src/MemoryMgr/heap_compaction.c
gcc -ffreestanding -fno-builtin -fno-stack-protector -nostdlib -Wall -Wextra -g -O0 -I./include -std=c99 -m32 -c src/MemoryMgr/heap_compaction.c -o build/obj/heap_compaction.o
src/MemoryMgr/heap_compaction.c: In function ‘make_block_free_24bit’:
src/MemoryMgr/heap_compaction.c:69:24: warning: assignment to ‘struct BlockHeader *’ from incompatible pointer type ‘Ptr’ {aka ‘char *’} [-Wincompatible-pointer-types]
   69 |     block->u.free.next = zone->hFstFree;
      |                        ^
src/MemoryMgr/heap_compaction.c: In function ‘make_block_free_32bit’:
src/MemoryMgr/heap_compaction.c:96:24: warning: assignment to ‘struct BlockHeader *’ from incompatible pointer type ‘Ptr’ {aka ‘char *’} [-Wincompatible-pointer-types]
   96 |     block->u.free.next = zone->hFstFree;
      |                        ^
src/MemoryMgr/heap_compaction.c: In function ‘make_contiguous_block_free_24bit’:
src/MemoryMgr/heap_compaction.c:126:31: warning: assignment to ‘struct BlockHeader *’ from incompatible pointer type ‘Ptr’ {aka ‘char *’} [-Wincompatible-pointer-types]
  126 |     newFreeBlock->u.free.next = zone->hFstFree;
      |                               ^
src/MemoryMgr/heap_compaction.c: In function ‘make_contiguous_block_free_32bit’:
src/MemoryMgr/heap_compaction.c:151:31: warning: assignment to ‘struct BlockHeader *’ from incompatible pointer type ‘Ptr’ {aka ‘char *’} [-Wincompatible-pointer-types]
  151 |     newFreeBlock->u.free.next = zone->hFstFree;
      |                               ^
src/MemoryMgr/heap_compaction.c: In function ‘coalesce_adjacent_free_blocks’:
src/MemoryMgr/heap_compaction.c:170:55: warning: comparison is always true due to limited range of data type [-Wtype-limits]
  170 |     if (!zone || !block || block->u.allocated.tagByte != BLOCK_FREE) {
      |                                                       ^~
src/MemoryMgr/heap_compaction.c:179:40: warning: comparison is always false due to limited range of data type [-Wtype-limits]
  179 |         nextBlock->u.allocated.tagByte == BLOCK_FREE) {
      |                                        ^~
src/MemoryMgr/heap_compaction.c:185:28: warning: assignment to ‘Ptr’ {aka ‘char *’} from incompatible pointer type ‘struct BlockHeader *’ [-Wincompatible-pointer-types]
  185 |             zone->hFstFree = nextBlock->u.free.next;
      |                            ^
src/MemoryMgr/heap_compaction.c:189:46: warning: comparison of distinct pointer types lacks a cast
  189 |             while (prev && prev->u.free.next != (Ptr)nextBlock) {
      |                                              ^~
src/MemoryMgr/heap_compaction.c:219:53: warning: comparison is always false due to limited range of data type [-Wtype-limits]
  219 |     if (prevBlock && prevBlock->u.allocated.tagByte == BLOCK_FREE) {
      |                                                     ^~
src/MemoryMgr/heap_compaction.c:224:28: warning: assignment to ‘Ptr’ {aka ‘char *’} from incompatible pointer type ‘struct BlockHeader *’ [-Wincompatible-pointer-types]
  224 |             zone->hFstFree = block->u.free.next;
      |                            ^
src/MemoryMgr/heap_compaction.c:227:46: warning: comparison of distinct pointer types lacks a cast
  227 |             while (prev && prev->u.free.next != (Ptr)block) {
      |                                              ^~
src/MemoryMgr/heap_compaction.c: At top level:
src/MemoryMgr/heap_compaction.c:310:14: warning: ‘call_purge_procedure’ defined but not used [-Wunused-function]
  310 | static OSErr call_purge_procedure(Handle h, PurgeProc purgeProc) {
      |              ^~~~~~~~~~~~~~~~~~~~
src/MemoryMgr/heap_compaction.c:280:14: warning: ‘purge_memory_block_32bit’ defined but not used [-Wunused-function]
  280 | static OSErr purge_memory_block_32bit(ZonePtr zone, Handle h) {
      |              ^~~~~~~~~~~~~~~~~~~~~~~~
src/MemoryMgr/heap_compaction.c:141:14: warning: ‘make_contiguous_block_free_32bit’ defined but not used [-Wunused-function]
  141 | static OSErr make_contiguous_block_free_32bit(ZonePtr zone, Ptr startPtr, Size totalSize) {
      |              ^~~~~~~~~~~~~~~~~~~~~~~~~~~~~~~~
src/MemoryMgr/heap_compaction.c:114:14: warning: ‘make_contiguous_block_free_24bit’ defined but not used [-Wunused-function]
  114 | static OSErr make_contiguous_block_free_24bit(ZonePtr zone, Ptr startPtr, Size totalSize) {
      |              ^~~~~~~~~~~~~~~~~~~~~~~~~~~~~~~~
CC src/MemoryMgr/memory_manager_core.c
gcc -ffreestanding -fno-builtin -fno-stack-protector -nostdlib -Wall -Wextra -g -O0 -I./include -std=c99 -m32 -c src/MemoryMgr/memory_manager_core.c -o build/obj/memory_manager_core.o
src/MemoryMgr/memory_manager_core.c:31:8: error: unknown type name ‘MemoryManagerGlobals’
   31 | static MemoryManagerGlobals gMemMgr;
      |        ^~~~~~~~~~~~~~~~~~~~
src/MemoryMgr/memory_manager_core.c: In function ‘memory_manager_handle_prologue’:
src/MemoryMgr/memory_manager_core.c:62:18: error: request for member ‘MMFlags’ in something not a structure or union
   62 |     (void)gMemMgr.MMFlags;  /* Acknowledge flag state for future use */
      |                  ^
src/MemoryMgr/memory_manager_core.c: In function ‘determine_zone_for_handle’:
src/MemoryMgr/memory_manager_core.c:128:23: error: request for member ‘theZone’ in something not a structure or union
  128 |         return gMemMgr.theZone;  /* Default to theZone for nil handles */
      |                       ^
src/MemoryMgr/memory_manager_core.c:137:29: error: request for member ‘theZone’ in something not a structure or union
  137 |     if (h >= (Handle)gMemMgr.theZone &&
      |                             ^
src/MemoryMgr/memory_manager_core.c:138:36: error: request for member ‘theZone’ in something not a structure or union
  138 |         h < (Handle)((char*)gMemMgr.theZone + sizeof(Zone))) {
      |                                    ^
src/MemoryMgr/memory_manager_core.c:139:23: error: request for member ‘theZone’ in something not a structure or union
  139 |         return gMemMgr.theZone;
      |                       ^
src/MemoryMgr/memory_manager_core.c:143:16: error: request for member ‘ApplZone’ in something not a structure or union
  143 |     if (gMemMgr.ApplZone &&
      |                ^
src/MemoryMgr/memory_manager_core.c:144:29: error: request for member ‘ApplZone’ in something not a structure or union
  144 |         h >= (Handle)gMemMgr.ApplZone &&
      |                             ^
src/MemoryMgr/memory_manager_core.c:145:40: error: stray ‘\’ in program
  145 |         h < (Handle)((char*)(gMemMgr)->\2.bkLim)) {
      |                                        ^
src/MemoryMgr/memory_manager_core.c:145:41: error: invalid suffix "bkLim" on floating constant
  145 |         h < (Handle)((char*)(gMemMgr)->\2.bkLim)) {
      |                                         ^~~~~~~
src/MemoryMgr/memory_manager_core.c:145:41: error: expected identifier before numeric constant
src/MemoryMgr/memory_manager_core.c:146:23: error: request for member ‘ApplZone’ in something not a structure or union
  146 |         return gMemMgr.ApplZone;
      |                       ^
src/MemoryMgr/memory_manager_core.c:150:16: error: request for member ‘SysZone’ in something not a structure or union
  150 |     if (gMemMgr.SysZone &&
      |                ^
src/MemoryMgr/memory_manager_core.c:151:29: error: request for member ‘SysZone’ in something not a structure or union
  151 |         h >= (Handle)gMemMgr.SysZone &&
      |                             ^
src/MemoryMgr/memory_manager_core.c:152:40: error: stray ‘\’ in program
  152 |         h < (Handle)((char*)(gMemMgr)->\2.bkLim)) {
      |                                        ^
src/MemoryMgr/memory_manager_core.c:152:41: error: invalid suffix "bkLim" on floating constant
  152 |         h < (Handle)((char*)(gMemMgr)->\2.bkLim)) {
      |                                         ^~~~~~~
src/MemoryMgr/memory_manager_core.c:152:41: error: expected identifier before numeric constant
src/MemoryMgr/memory_manager_core.c:153:23: error: request for member ‘SysZone’ in something not a structure or union
  153 |         return gMemMgr.SysZone;
      |                       ^
src/MemoryMgr/memory_manager_core.c:157:19: error: request for member ‘theZone’ in something not a structure or union
  157 |     return gMemMgr.theZone;
      |                   ^
src/MemoryMgr/memory_manager_core.c: In function ‘compact_heap’:
src/MemoryMgr/memory_manager_core.c:196:38: error: ‘struct BlockHeader’ has no member named ‘blkSize’
  196 |         Size blockSize = currentBlock->blkSize & BLOCK_SIZE_MASK;
      |                                      ^~
src/MemoryMgr/memory_manager_core.c:202:29: error: stray ‘\’ in program
  202 |         if ((currentBlock)->\2->allocated.tagByte == BLOCK_FREE) {
      |                             ^
src/MemoryMgr/memory_manager_core.c:202:30: error: expected identifier before numeric constant
  202 |         if ((currentBlock)->\2->allocated.tagByte == BLOCK_FREE) {
      |                              ^
src/MemoryMgr/memory_manager_core.c:209:36: error: stray ‘\’ in program
  209 |         } else if ((currentBlock)->\2->allocated.tagByte > BLOCK_ALLOCATED) {
      |                                    ^
src/MemoryMgr/memory_manager_core.c:209:37: error: expected identifier before numeric constant
  209 |         } else if ((currentBlock)->\2->allocated.tagByte > BLOCK_ALLOCATED) {
      |                                     ^
src/MemoryMgr/memory_manager_core.c:227:25: error: ‘struct BlockHeader’ has no member named ‘blkSize’
  227 |                 newBlock->blkSize = blockSize;
      |                         ^~
src/MemoryMgr/memory_manager_core.c:228:29: error: stray ‘\’ in program
  228 |                 (newBlock)->\2->allocated.tagByte = (currentBlock)->\2->allocated.tagByte;
      |                             ^
src/MemoryMgr/memory_manager_core.c:228:30: error: expected identifier before numeric constant
  228 |                 (newBlock)->\2->allocated.tagByte = (currentBlock)->\2->allocated.tagByte;
      |                              ^
src/MemoryMgr/memory_manager_core.c:228:69: error: stray ‘\’ in program
  228 |                 (newBlock)->\2->allocated.tagByte = (currentBlock)->\2->allocated.tagByte;
      |                                                                     ^
src/MemoryMgr/memory_manager_core.c:248:22: error: ‘struct BlockHeader’ has no member named ‘blkSize’
  248 |             freeBlock->blkSize = remainingSpace;
      |                      ^~
src/MemoryMgr/memory_manager_core.c:249:26: error: stray ‘\’ in program
  249 |             (freeBlock)->\2->allocated.tagByte = BLOCK_FREE;
      |                          ^
src/MemoryMgr/memory_manager_core.c:249:27: error: expected identifier before numeric constant
  249 |             (freeBlock)->\2->allocated.tagByte = BLOCK_FREE;
      |                           ^
src/MemoryMgr/memory_manager_core.c:250:26: error: stray ‘\’ in program
  250 |             (freeBlock)->\2->free.fwdLink = NULL;
      |                          ^
src/MemoryMgr/memory_manager_core.c:250:27: error: expected identifier before numeric constant
  250 |             (freeBlock)->\2->free.fwdLink = NULL;
      |                           ^
src/MemoryMgr/memory_manager_core.c: In function ‘resize_handle_internal’:
src/MemoryMgr/memory_manager_core.c:312:36: error: ‘struct BlockHeader’ has no member named ‘blkSize’
  312 |     Size currentSize = currentBlock->blkSize & BLOCK_SIZE_MASK;
      |                                    ^~
src/MemoryMgr/memory_manager_core.c:323:29: error: ‘struct BlockHeader’ has no member named ‘blkSize’
  323 |                 newFreeBlock->blkSize = remainder;
      |                             ^~
src/MemoryMgr/memory_manager_core.c:324:33: error: stray ‘\’ in program
  324 |                 (newFreeBlock)->\2->allocated.tagByte = BLOCK_FREE;
      |                                 ^
src/MemoryMgr/memory_manager_core.c:324:34: error: expected identifier before numeric constant
  324 |                 (newFreeBlock)->\2->allocated.tagByte = BLOCK_FREE;
      |                                  ^
src/MemoryMgr/memory_manager_core.c:325:33: error: stray ‘\’ in program
  325 |                 (newFreeBlock)->\2->free.fwdLink = NULL;
      |                                 ^
src/MemoryMgr/memory_manager_core.c:325:34: error: expected identifier before numeric constant
  325 |                 (newFreeBlock)->\2->free.fwdLink = NULL;
      |                                  ^
src/MemoryMgr/memory_manager_core.c:328:29: error: ‘struct BlockHeader’ has no member named ‘blkSize’
  328 |                 currentBlock->blkSize = totalSize;
      |                             ^~
src/MemoryMgr/memory_manager_core.c:353:21: error: stray ‘\’ in program
  353 |     (currentBlock)->\2->allocated.tagByte = BLOCK_FREE;
      |                     ^
src/MemoryMgr/memory_manager_core.c:353:22: error: expected identifier before numeric constant
  353 |     (currentBlock)->\2->allocated.tagByte = BLOCK_FREE;
      |                      ^
src/MemoryMgr/memory_manager_core.c:354:21: error: stray ‘\’ in program
  354 |     (currentBlock)->\2->free.fwdLink = NULL;
      |                     ^
src/MemoryMgr/memory_manager_core.c:354:22: error: expected identifier before numeric constant
  354 |     (currentBlock)->\2->free.fwdLink = NULL;
      |                      ^
src/MemoryMgr/memory_manager_core.c:359:13: error: ‘struct BlockHeader’ has no member named ‘blkSize’
  359 |     newBlock->blkSize = totalSize;
      |             ^~
src/MemoryMgr/memory_manager_core.c:360:17: error: stray ‘\’ in program
  360 |     (newBlock)->\2->allocated.tagByte = BLOCK_RELOCATABLE;
      |                 ^
src/MemoryMgr/memory_manager_core.c:360:18: error: expected identifier before numeric constant
  360 |     (newBlock)->\2->allocated.tagByte = BLOCK_RELOCATABLE;
      |                  ^
src/MemoryMgr/memory_manager_core.c: In function ‘coalesce_free_blocks’:
src/MemoryMgr/memory_manager_core.c:370:37: error: stray ‘\’ in program
  370 |     if (!zone || !block || (block)->\2->allocated.tagByte != BLOCK_FREE) {
      |                                     ^
src/MemoryMgr/memory_manager_core.c:370:38: error: expected identifier before numeric constant
  370 |     if (!zone || !block || (block)->\2->allocated.tagByte != BLOCK_FREE) {
      |                                      ^
src/MemoryMgr/memory_manager_core.c:375:27: error: ‘struct BlockHeader’ has no member named ‘blkSize’
  375 |     Size blockSize = block->blkSize & BLOCK_SIZE_MASK;
      |                           ^~
src/MemoryMgr/memory_manager_core.c:379:22: error: stray ‘\’ in program
  379 |         (nextBlock)->\2->allocated.tagByte == BLOCK_FREE) {
      |                      ^
src/MemoryMgr/memory_manager_core.c:379:23: error: expected identifier before numeric constant
  379 |         (nextBlock)->\2->allocated.tagByte == BLOCK_FREE) {
      |                       ^
src/MemoryMgr/memory_manager_core.c:381:34: error: ‘struct BlockHeader’ has no member named ‘blkSize’
  381 |         Size nextSize = nextBlock->blkSize & BLOCK_SIZE_MASK;
      |                                  ^~
src/MemoryMgr/memory_manager_core.c:382:14: error: ‘struct BlockHeader’ has no member named ‘blkSize’
  382 |         block->blkSize = blockSize + nextSize;
      |              ^~
src/MemoryMgr/memory_manager_core.c: In function ‘find_free_block’:
src/MemoryMgr/memory_manager_core.c:399:41: error: request for member ‘AllocPtr’ in something not a structure or union
  399 |     BlockPtr current = (BlockPtr)gMemMgr.AllocPtr;
      |                                         ^
src/MemoryMgr/memory_manager_core.c:408:24: error: stray ‘\’ in program
  408 |         if ((current)->\2->allocated.tagByte == BLOCK_FREE) {
      |                        ^
src/MemoryMgr/memory_manager_core.c:408:25: error: expected identifier before numeric constant
  408 |         if ((current)->\2->allocated.tagByte == BLOCK_FREE) {
      |                         ^
src/MemoryMgr/memory_manager_core.c:409:37: error: ‘struct BlockHeader’ has no member named ‘blkSize’
  409 |             Size blockSize = current->blkSize & BLOCK_SIZE_MASK;
      |                                     ^~
src/MemoryMgr/memory_manager_core.c:412:24: error: request for member ‘AllocPtr’ in something not a structure or union
  412 |                 gMemMgr.AllocPtr = (Ptr)current;
      |                        ^
src/MemoryMgr/memory_manager_core.c:417:33: error: ‘struct BlockHeader’ has no member named ‘blkSize’
  417 |         Size blockSize = current->blkSize & BLOCK_SIZE_MASK;
      |                                 ^~
src/MemoryMgr/memory_manager_core.c: In function ‘init_memory_manager’:
src/MemoryMgr/memory_manager_core.c:433:12: error: request for member ‘SysZone’ in something not a structure or union
  433 |     gMemMgr.SysZone = sysZone;
      |            ^
src/MemoryMgr/memory_manager_core.c:434:12: error: request for member ‘ApplZone’ in something not a structure or union
  434 |     gMemMgr.ApplZone = applZone;
      |            ^
src/MemoryMgr/memory_manager_core.c:435:12: error: request for member ‘theZone’ in something not a structure or union
  435 |     gMemMgr.theZone = sysZone;  /* Default to system zone */
      |            ^
src/MemoryMgr/memory_manager_core.c:436:12: error: request for member ‘AllocPtr’ in something not a structure or union
  436 |     gMemMgr.AllocPtr = NULL;
      |            ^
src/MemoryMgr/memory_manager_core.c:437:12: error: request for member ‘MMFlags’ in something not a structure or union
  437 |     gMemMgr.MMFlags = 0;
      |            ^
src/MemoryMgr/memory_manager_core.c:438:12: error: request for member ‘JBlockMove’ in something not a structure or union
  438 |     gMemMgr.JBlockMove = NULL;
      |            ^
src/MemoryMgr/memory_manager_core.c:439:12: error: request for member ‘jCacheFlush’ in something not a structure or union
  439 |     gMemMgr.jCacheFlush = NULL;
      |            ^
src/MemoryMgr/memory_manager_core.c: In function ‘determine_zone_for_handle’:
src/MemoryMgr/memory_manager_core.c:158:1: warning: control reaches end of non-void function [-Wreturn-type]
  158 | }
      | ^
src/MemoryMgr/memory_manager_core.c: At top level:
src/MemoryMgr/memory_manager_core.c:393:17: warning: ‘find_free_block’ defined but not used [-Wunused-function]
  393 | static BlockPtr find_free_block(ZonePtr zone, Size minSize) {
      |                 ^~~~~~~~~~~~~~~
make: *** [Makefile:83: build/obj/memory_manager_core.o] Error 1
